============================= test session starts ==============================
platform darwin -- Python 3.14.7, pytest-9.1.1, pluggy-1.6.0
rootdir: /Users/and3/.local/state/firstmate/task-workspaces/home-f9786625272c2da18d650f3a69734de30da07794/.treehouse/ballasttasks-e8129d/12/ballasttasks/apps/api
configfile: pyproject.toml
plugins: cov-7.1.0, asyncio-1.4.0, anyio-4.15.1
asyncio: mode=Mode.AUTO, debug=False, asyncio_default_fixture_loop_scope=None, asyncio_default_test_loop_scope=function
collected 1 item

tests/integration/test_steps_activity_api.py F                           [100%]

=================================== FAILURES ===================================
_ test_the_list_costs_the_same_few_statements_however_many_steps_and_comments __

client = <httpx.AsyncClient object at 0x114ea8e10>
container = Container(settings=Settings(app=AppSettings(env='development', debug=False, health_check_timeout_seconds=2.0), databas...0>, sso=SsoConfig(api_public_base_url='http://localhost:8000', web_callback_url='http://localhost:3000/auth/callback'))

    async def test_the_list_costs_the_same_few_statements_however_many_steps_and_comments(
        client: httpx.AsyncClient, container: Container
    ) -> None:
        """No query per task: the caller, the page, its total, and ONE statement that tallies
        the steps and the comments of the whole page."""
        _, headers = await sign_in(client, "Ada Lovelace")
        issued: list[str] = []
    
        def record(_conn: object, _cursor: object, statement: str, *_: object) -> None:
            issued.append(statement)
    
        async def statements_of(path: str) -> list[str]:
            issued.clear()
            event.listen(container.engine.sync_engine, "before_cursor_execute", record)
            try:
                response = await client.get(path, headers=headers)
            finally:
                event.remove(container.engine.sync_engine, "before_cursor_execute", record)
            assert response.status_code == 200, response.text
            return list(issued)
    
        async def add_tasks(how_many: int, *, steps: int, comments: int) -> None:
            for n in range(how_many):
                task = (
                    await client.post("/tasks", json={"title": f"task {n}"}, headers=headers)
                ).json()
                if steps:
                    titles = [f"step {s}" for s in range(steps)]
                    await client.post(
                        f"/tasks/{task['id']}/steps/bulk", json={"titles": titles}, headers=headers
                    )
                for c in range(comments):
                    await client.post(
                        f"/tasks/{task['id']}/comments", json={"text": f"comment {c}"}, headers=headers
                    )
    
        await add_tasks(2, steps=0, comments=0)
        with_little = await statements_of("/tasks?limit=200")
        await add_tasks(12, steps=5, comments=3)
        with_a_lot = await statements_of("/tasks?limit=200")
    
>       assert len(with_little) == len(with_a_lot) == 4, with_a_lot
E       AssertionError: ['SELECT users.id AS users_id, users.email AS users_email, users.full_name AS users_full_name, users.hashed_password A...id_1_11)s::UUID, %(task_id_1_12)s::UUID, %(task_id_1_13)s::UUID, %(task_id_1_14)s::UUID) GROUP BY attachments.task_id']
E       assert 5 == 4
E        +  where 5 = len(['SELECT users.id AS users_id, users.email AS users_email, users.full_name AS users_full_name, users.hashed_password A...id_1_11)s::UUID, %(task_id_1_12)s::UUID, %(task_id_1_13)s::UUID, %(task_id_1_14)s::UUID) GROUP BY attachments.task_id'])

tests/integration/test_steps_activity_api.py:239: AssertionError
---------------------------- Captured stderr setup -----------------------------
INFO  [alembic.runtime.migration] Context impl PostgresqlImpl.
INFO  [alembic.runtime.migration] Will assume transactional DDL.
INFO  [alembic.runtime.migration] Running upgrade  -> 23cd5b1da963, baseline
INFO  [alembic.runtime.migration] Running upgrade 23cd5b1da963 -> 538d7dc736b3, create tasks
INFO  [alembic.runtime.migration] Running upgrade 538d7dc736b3 -> 2dcaf48d517c, create users
INFO  [alembic.runtime.migration] Running upgrade 2dcaf48d517c -> fa7b13ec7508, wire tasks to users
INFO  [alembic.runtime.migration] Running upgrade fa7b13ec7508 -> 8b2f4c6d1a3e, design task model
INFO  [alembic.runtime.migration] Running upgrade 8b2f4c6d1a3e -> 0ecd0978f6fd, add user identities
INFO  [alembic.runtime.migration] Running upgrade 0ecd0978f6fd -> a1c5e7f90b24, steps and activity
INFO  [alembic.runtime.migration] Running upgrade a1c5e7f90b24 -> c4a9e7d21b65, create attachments
=========================== short test summary info ============================
FAILED tests/integration/test_steps_activity_api.py::test_the_list_costs_the_same_few_statements_however_many_steps_and_comments
============================== 1 failed in 1.58s ===============================
