FFFF                                                                     [100%]
=================================== FAILURES ===================================
____ test_attachment_activity_over_http_names_the_actor_and_sanitised_file _____

http = <httpx.AsyncClient object at 0x122995d10>

    async def test_attachment_activity_over_http_names_the_actor_and_sanitised_file(
        http: httpx.AsyncClient,
    ) -> None:
        owner = await register_and_log_in(http, "Owner")
        caller = await register_and_log_in(http, "Caller")
        task = (await http.post("/tasks", json={"title": "Activity"}, headers=owner.headers)).json()
        base = f"/tasks/{task['id']}"
        link = await http.post(
            base + "/attachments/links", json={"url": "https://example.com"}, headers=owner.headers
        )
        file = await http.post(
            base + "/attachments/files",
            files={"file": ("../../report.pdf", PDF)},
            headers=caller.headers,
        )
        assert (link.status_code, file.status_code) == (201, 201)
        for item in (link.json(), file.json()):
            removed = await http.delete(base + f"/attachments/{item['id']}", headers=caller.headers)
            assert removed.status_code == 204
        rejected = await http.post(
            base + "/attachments/files", files={"file": ("empty.pdf", b"")}, headers=caller.headers
        )
        assert rejected.status_code == 422
        feed = (await http.get(base + "/activity", headers=owner.headers)).json()
>       assert [(item["text"], item["actor"]["id"]) for item in reversed(feed["items"])] == [
            ("Created the task", owner.id),
            ("Attached example.com", owner.id),
            ("Attached report.pdf", caller.id),
            ("Removed example.com", caller.id),
            ("Removed report.pdf", caller.id),
        ]
E       AssertionError: assert [('Created th...923558cd317')] == [('Created th...ac3e4d41348')]
E         
E         Right contains 4 more items, first extra item: ('Attached example.com', '7ddcd35b-888e-4b2b-a5ee-5923558cd317')
E         Use -v to get more diff

tests/integration/test_file_attachments.py:214: AssertionError
---------------------------- Captured stderr setup -----------------------------
INFO  [alembic.runtime.migration] Context impl PostgresqlImpl.
INFO  [alembic.runtime.migration] Will assume transactional DDL.
INFO  [alembic.runtime.migration] Running upgrade  -> 23cd5b1da963, baseline
INFO  [alembic.runtime.migration] Running upgrade 23cd5b1da963 -> 538d7dc736b3, create tasks
INFO  [alembic.runtime.migration] Running upgrade 538d7dc736b3 -> 2dcaf48d517c, create users
INFO  [alembic.runtime.migration] Running upgrade 2dcaf48d517c -> fa7b13ec7508, wire tasks to users
INFO  [alembic.runtime.migration] Running upgrade fa7b13ec7508 -> 8b2f4c6d1a3e, design task model
INFO  [alembic.runtime.migration] Running upgrade 8b2f4c6d1a3e -> 0ecd0978f6fd, add user identities
INFO  [alembic.runtime.migration] Running upgrade 0ecd0978f6fd -> a1c5e7f90b24, steps and activity
INFO  [alembic.runtime.migration] Running upgrade a1c5e7f90b24 -> c4a9e7d21b65, create attachments
_ test_activity_failure_rolls_back_attachment_metadata_and_file_changes[link] __

container = Container(settings=Settings(app=AppSettings(env='development', debug=False, health_check_timeout_seconds=2.0), databas...0>, sso=SsoConfig(api_public_base_url='http://localhost:8000', web_callback_url='http://localhost:3000/auth/callback'))
operation = 'link'

    @pytest.mark.parametrize("operation", ["link", "file", "remove"])
    async def test_activity_failure_rolls_back_attachment_metadata_and_file_changes(
        container: Container,
        operation: str,
    ) -> None:
        async with container.request_scope() as scope:
            user = await scope.register_user.execute(
                email=f"{uuid.uuid4().hex}@example.com",
                full_name="Tester",
                password="correct horse battery",
            )
            task = await scope.create_task.execute(title="Atomic activity", created_by=user.id)
        stored = await container.attach_file.execute(
            task.id, file=UploadedFile(PDF, name="seed.pdf"), created_by=user.id
        )
        async with container.request_scope() as scope:
            before = await scope.get_task.execute(task.id)
>           assert (await scope.activity_feed.page(task.id, limit=50, offset=0)).total == 2
E           AssertionError: assert 1 == 2
E            +  where 1 = ActivityPage(items=[ActivityItem(entry=ActivityEntry(id=UUID('772df0cc-a3e9-42cb-966b-3a6c0a13ab0f'), task_id=UUID('33...ZoneInfo(key='Etc/UTC'))), actor=Actor(id=UUID('e30677c9-bf96-4051-893d-c00503e443f9'), full_name='Tester'))], total=1).total

tests/integration/test_file_attachments.py:247: AssertionError
_ test_activity_failure_rolls_back_attachment_metadata_and_file_changes[file] __

container = Container(settings=Settings(app=AppSettings(env='development', debug=False, health_check_timeout_seconds=2.0), databas...0>, sso=SsoConfig(api_public_base_url='http://localhost:8000', web_callback_url='http://localhost:3000/auth/callback'))
operation = 'file'

    @pytest.mark.parametrize("operation", ["link", "file", "remove"])
    async def test_activity_failure_rolls_back_attachment_metadata_and_file_changes(
        container: Container,
        operation: str,
    ) -> None:
        async with container.request_scope() as scope:
            user = await scope.register_user.execute(
                email=f"{uuid.uuid4().hex}@example.com",
                full_name="Tester",
                password="correct horse battery",
            )
            task = await scope.create_task.execute(title="Atomic activity", created_by=user.id)
        stored = await container.attach_file.execute(
            task.id, file=UploadedFile(PDF, name="seed.pdf"), created_by=user.id
        )
        async with container.request_scope() as scope:
            before = await scope.get_task.execute(task.id)
>           assert (await scope.activity_feed.page(task.id, limit=50, offset=0)).total == 2
E           AssertionError: assert 1 == 2
E            +  where 1 = ActivityPage(items=[ActivityItem(entry=ActivityEntry(id=UUID('abfc30c4-5b38-4f10-9ca3-9b01d573af5e'), task_id=UUID('0e...ZoneInfo(key='Etc/UTC'))), actor=Actor(id=UUID('27821502-5f2a-4af1-a3b2-d31e7278ece9'), full_name='Tester'))], total=1).total

tests/integration/test_file_attachments.py:247: AssertionError
_ test_activity_failure_rolls_back_attachment_metadata_and_file_changes[remove] _

container = Container(settings=Settings(app=AppSettings(env='development', debug=False, health_check_timeout_seconds=2.0), databas...0>, sso=SsoConfig(api_public_base_url='http://localhost:8000', web_callback_url='http://localhost:3000/auth/callback'))
operation = 'remove'

    @pytest.mark.parametrize("operation", ["link", "file", "remove"])
    async def test_activity_failure_rolls_back_attachment_metadata_and_file_changes(
        container: Container,
        operation: str,
    ) -> None:
        async with container.request_scope() as scope:
            user = await scope.register_user.execute(
                email=f"{uuid.uuid4().hex}@example.com",
                full_name="Tester",
                password="correct horse battery",
            )
            task = await scope.create_task.execute(title="Atomic activity", created_by=user.id)
        stored = await container.attach_file.execute(
            task.id, file=UploadedFile(PDF, name="seed.pdf"), created_by=user.id
        )
        async with container.request_scope() as scope:
            before = await scope.get_task.execute(task.id)
>           assert (await scope.activity_feed.page(task.id, limit=50, offset=0)).total == 2
E           AssertionError: assert 1 == 2
E            +  where 1 = ActivityPage(items=[ActivityItem(entry=ActivityEntry(id=UUID('361af586-319f-4b6d-b842-fbd43c7348a2'), task_id=UUID('2c...ZoneInfo(key='Etc/UTC'))), actor=Actor(id=UUID('1f78681e-04b9-4761-b0d2-f339cd8eabca'), full_name='Tester'))], total=1).total

tests/integration/test_file_attachments.py:247: AssertionError
=========================== short test summary info ============================
FAILED tests/integration/test_file_attachments.py::test_attachment_activity_over_http_names_the_actor_and_sanitised_file
FAILED tests/integration/test_file_attachments.py::test_activity_failure_rolls_back_attachment_metadata_and_file_changes[link]
FAILED tests/integration/test_file_attachments.py::test_activity_failure_rolls_back_attachment_metadata_and_file_changes[file]
FAILED tests/integration/test_file_attachments.py::test_activity_failure_rolls_back_attachment_metadata_and_file_changes[remove]
4 failed, 5 deselected in 1.47s
